D:\dkhaywood\svn\svn.berlios.de\trunk\workspace\de.berlios.rcpviewer.domain\aspects\de\berlios\rcpviewer\impl\DependencyInjectionAspect.aj
D:\dkhaywood\svn\svn.berlios.de\trunk\workspace\de.berlios.rcpviewer.domain\aspects\de\berlios\rcpviewer\impl\package-info.java
D:\dkhaywood\svn\svn.berlios.de\trunk\workspace\de.berlios.rcpviewer.domain\aspects\de\berlios\rcpviewer\progmodel\standard\impl\CompileTimeRulesAspect.aj
D:\dkhaywood\svn\svn.berlios.de\trunk\workspace\de.berlios.rcpviewer.domain\aspects\de\berlios\rcpviewer\progmodel\standard\impl\DomainAspect.aj
D:\dkhaywood\svn\svn.berlios.de\trunk\workspace\de.berlios.rcpviewer.domain\aspects\de\berlios\rcpviewer\progmodel\standard\impl\RegisterDomainClassAspect.aj
D:\dkhaywood\svn\svn.berlios.de\trunk\workspace\de.berlios.rcpviewer.domain\aspects\de\berlios\rcpviewer\progmodel\standard\impl\SaveDomainObjectAspect.aj
D:\dkhaywood\svn\svn.berlios.de\trunk\workspace\de.berlios.rcpviewer.domain\aspects\de\berlios\rcpviewer\progmodel\standard\impl\Wrapper.java
D:\dkhaywood\svn\svn.berlios.de\trunk\workspace\de.berlios.rcpviewer.domain\aspects\de\berlios\rcpviewer\progmodel\standard\StandardPlugin.java
D:\dkhaywood\svn\svn.berlios.de\trunk\workspace\de.berlios.rcpviewer.domain\fixture\de\berlios\rcpviewer\domain\ClassInRegularPackage.java
D:\dkhaywood\svn\svn.berlios.de\trunk\workspace\de.berlios.rcpviewer.domain\fixture\de\berlios\rcpviewer\domain\fixture\FixturePlugin.java
D:\dkhaywood\svn\svn.berlios.de\trunk\workspace\de.berlios.rcpviewer.domain\fixture\de\berlios\rcpviewer\domain\TestMetaModelDepartment.java
D:\dkhaywood\svn\svn.berlios.de\trunk\workspace\de.berlios.rcpviewer.domain\fixture\de\berlios\rcpviewer\progmodel\extended\CustomerWithAllAttributesPositioned.java
D:\dkhaywood\svn\svn.berlios.de\trunk\workspace\de.berlios.rcpviewer.domain\fixture\de\berlios\rcpviewer\progmodel\rcpviewer\ProspectiveSale.java
D:\dkhaywood\svn\svn.berlios.de\trunk\workspace\de.berlios.rcpviewer.domain\fixture\de\berlios\rcpviewer\progmodel\standard\TestDomainClassAttributesCustomerWithDerivedReadOnlyAttribute.java
D:\dkhaywood\svn\svn.berlios.de\trunk\workspace\de.berlios.rcpviewer.domain\fixture\de\berlios\rcpviewer\progmodel\standard\TestDomainClassAttributesCustomerWithEveryPrimitiveTypeAccessor.java
D:\dkhaywood\svn\svn.berlios.de\trunk\workspace\de.berlios.rcpviewer.domain\fixture\de\berlios\rcpviewer\progmodel\standard\TestDomainClassAttributesCustomerWithNoAttributes.java
D:\dkhaywood\svn\svn.berlios.de\trunk\workspace\de.berlios.rcpviewer.domain\fixture\de\berlios\rcpviewer\progmodel\standard\TestDomainClassAttributesCustomerWithNonDerivedReadOnlyAttribute.java
D:\dkhaywood\svn\svn.berlios.de\trunk\workspace\de.berlios.rcpviewer.domain\fixture\de\berlios\rcpviewer\progmodel\standard\TestDomainClassAttributesCustomerWithReadOnlyAttribute.java
D:\dkhaywood\svn\svn.berlios.de\trunk\workspace\de.berlios.rcpviewer.domain\fixture\de\berlios\rcpviewer\progmodel\standard\TestDomainClassAttributesCustomerWithReadWriteAttribute.java
D:\dkhaywood\svn\svn.berlios.de\trunk\workspace\de.berlios.rcpviewer.domain\fixture\de\berlios\rcpviewer\progmodel\standard\TestDomainClassAttributesCustomerWithWriteOnlyAttribute.java
D:\dkhaywood\svn\svn.berlios.de\trunk\workspace\de.berlios.rcpviewer.domain\fixture\de\berlios\rcpviewer\progmodel\standard\TestDomainClassAttributesOrderingCustomerWithNoOrderingReadOnlyAttribute.java
D:\dkhaywood\svn\svn.berlios.de\trunk\workspace\de.berlios.rcpviewer.domain\fixture\de\berlios\rcpviewer\progmodel\standard\TestDomainClassAttributesOrderingCustomerWithOrderingReadOnlyAttribute.java
D:\dkhaywood\svn\svn.berlios.de\trunk\workspace\de.berlios.rcpviewer.domain\fixture\de\berlios\rcpviewer\progmodel\standard\TestDomainClassAttributesOrderingCustomerWithoutOrderingReadOnlyAttribute.java
D:\dkhaywood\svn\svn.berlios.de\trunk\workspace\de.berlios.rcpviewer.domain\fixture\de\berlios\rcpviewer\progmodel\standard\TestDomainClassAttributesUniquenessCustomerWithNonUniqueReadOnlyAttribute.java
D:\dkhaywood\svn\svn.berlios.de\trunk\workspace\de.berlios.rcpviewer.domain\fixture\de\berlios\rcpviewer\progmodel\standard\TestDomainClassAttributesUniquenessCustomerWithNoUniquenessReadOnlyAttribute.java
D:\dkhaywood\svn\svn.berlios.de\trunk\workspace\de.berlios.rcpviewer.domain\fixture\de\berlios\rcpviewer\progmodel\standard\TestDomainClassAttributesUniquenessCustomerWithUniqueReadOnlyAttribute.java
D:\dkhaywood\svn\svn.berlios.de\trunk\workspace\de.berlios.rcpviewer.domain\fixture\de\berlios\rcpviewer\progmodel\standard\TestDomainClassAttributesUnsettabilityCustomerWithOnlyIsUnsetForAttribute.java
D:\dkhaywood\svn\svn.berlios.de\trunk\workspace\de.berlios.rcpviewer.domain\fixture\de\berlios\rcpviewer\progmodel\standard\TestDomainClassAttributesUnsettabilityCustomerWithOnlyUnsetForAttribute.java
D:\dkhaywood\svn\svn.berlios.de\trunk\workspace\de.berlios.rcpviewer.domain\fixture\de\berlios\rcpviewer\progmodel\standard\TestDomainClassAttributesUnsettabilityCustomerWithUnsettableAttribute.java
D:\dkhaywood\svn\svn.berlios.de\trunk\workspace\de.berlios.rcpviewer.domain\fixture\de\berlios\rcpviewer\progmodel\standard\TestDomainClassCustomerWithNoAttributes.java
D:\dkhaywood\svn\svn.berlios.de\trunk\workspace\de.berlios.rcpviewer.domain\fixture\de\berlios\rcpviewer\progmodel\standard\TestDomainClassDepartment.java
D:\dkhaywood\svn\svn.berlios.de\trunk\workspace\de.berlios.rcpviewer.domain\fixture\de\berlios\rcpviewer\progmodel\standard\TestDomainClassOperationsAppointment.java
D:\dkhaywood\svn\svn.berlios.de\trunk\workspace\de.berlios.rcpviewer.domain\fixture\de\berlios\rcpviewer\progmodel\standard\TestDomainClassOperationsAppointmentWithAccessor.java
D:\dkhaywood\svn\svn.berlios.de\trunk\workspace\de.berlios.rcpviewer.domain\fixture\de\berlios\rcpviewer\progmodel\standard\TestDomainClassOperationsAppointmentWithCollection.java
D:\dkhaywood\svn\svn.berlios.de\trunk\workspace\de.berlios.rcpviewer.domain\fixture\de\berlios\rcpviewer\progmodel\standard\TestDomainClassOperationsAppointmentWithMutator.java
D:\dkhaywood\svn\svn.berlios.de\trunk\workspace\de.berlios.rcpviewer.domain\fixture\de\berlios\rcpviewer\progmodel\standard\TestDomainClassOperationsAppointmentWithSingleReference.java
D:\dkhaywood\svn\svn.berlios.de\trunk\workspace\de.berlios.rcpviewer.domain\fixture\de\berlios\rcpviewer\progmodel\standard\TestDomainClassOperationsCustomerPositionedOnMap.java
D:\dkhaywood\svn\svn.berlios.de\trunk\workspace\de.berlios.rcpviewer.domain\fixture\de\berlios\rcpviewer\progmodel\standard\TestDomainClassOperationsCustomerWithNoArgOperation.java
D:\dkhaywood\svn\svn.berlios.de\trunk\workspace\de.berlios.rcpviewer.domain\fixture\de\berlios\rcpviewer\progmodel\standard\TestDomainClassOperationsCustomerWithPackageLocalVisibilityOperation.java
D:\dkhaywood\svn\svn.berlios.de\trunk\workspace\de.berlios.rcpviewer.domain\fixture\de\berlios\rcpviewer\progmodel\standard\TestDomainClassOperationsCustomerWithPrimitiveArgOperation.java
D:\dkhaywood\svn\svn.berlios.de\trunk\workspace\de.berlios.rcpviewer.domain\fixture\de\berlios\rcpviewer\progmodel\standard\TestDomainClassOperationsCustomerWithPrivateVisibilityOperation.java
D:\dkhaywood\svn\svn.berlios.de\trunk\workspace\de.berlios.rcpviewer.domain\fixture\de\berlios\rcpviewer\progmodel\standard\TestDomainClassOperationsCustomerWithProgrammaticPublicVisibilityOperation.java
D:\dkhaywood\svn\svn.berlios.de\trunk\workspace\de.berlios.rcpviewer.domain\fixture\de\berlios\rcpviewer\progmodel\standard\TestDomainClassOperationsCustomerWithProtectedVisibilityOperation.java
D:\dkhaywood\svn\svn.berlios.de\trunk\workspace\de.berlios.rcpviewer.domain\fixture\de\berlios\rcpviewer\progmodel\standard\TestDomainClassOperationsCustomerWithPublicVisibilityOperation.java
D:\dkhaywood\svn\svn.berlios.de\trunk\workspace\de.berlios.rcpviewer.domain\fixture\de\berlios\rcpviewer\progmodel\standard\TestDomainClassOperationsTimePeriod.java
D:\dkhaywood\svn\svn.berlios.de\trunk\workspace\de.berlios.rcpviewer.domain\fixture\de\berlios\rcpviewer\progmodel\standard\TestDomainClassReferencesDepartment.java
D:\dkhaywood\svn\svn.berlios.de\trunk\workspace\de.berlios.rcpviewer.domain\fixture\de\berlios\rcpviewer\progmodel\standard\TestDomainClassReferencesDepartmentDerivedReferences.java
D:\dkhaywood\svn\svn.berlios.de\trunk\workspace\de.berlios.rcpviewer.domain\fixture\de\berlios\rcpviewer\progmodel\standard\TestDomainClassReferencesDepartmentImmutableEmployeeCollection.java
D:\dkhaywood\svn\svn.berlios.de\trunk\workspace\de.berlios.rcpviewer.domain\fixture\de\berlios\rcpviewer\progmodel\standard\TestDomainClassReferencesEmployee.java
D:\dkhaywood\svn\svn.berlios.de\trunk\workspace\de.berlios.rcpviewer.domain\fixture\de\berlios\rcpviewer\progmodel\standard\TestDomainClassReferencesEmployeeImmutableNameRef.java
D:\dkhaywood\svn\svn.berlios.de\trunk\workspace\de.berlios.rcpviewer.domain\fixture\de\berlios\rcpviewer\progmodel\standard\TestDomainClassReferencesName.java
D:\dkhaywood\svn\svn.berlios.de\trunk\workspace\de.berlios.rcpviewer.domain\fixture\de\berlios\rcpviewer\progmodel\standard\TestExplicitNamesAndDescriptionsAppointment.java
D:\dkhaywood\svn\svn.berlios.de\trunk\workspace\de.berlios.rcpviewer.domain\fixture\de\berlios\rcpviewer\progmodel\standard\TestExplicitNamesAndDescriptionsCustomerWithNoExplicitName.java
D:\dkhaywood\svn\svn.berlios.de\trunk\workspace\de.berlios.rcpviewer.domain\fixture\de\berlios\rcpviewer\progmodel\standard\TestExplicitNamesAndDescriptionsProspectiveSale.java
D:\dkhaywood\svn\svn.berlios.de\trunk\workspace\de.berlios.rcpviewer.domain\fixture\de\berlios\rcpviewer\progmodel\standard\TestExplicitNamesAndDescriptionsTimePeriod.java
D:\dkhaywood\svn\svn.berlios.de\trunk\workspace\de.berlios.rcpviewer.domain\fixture\de\berlios\rcpviewer\progmodel\standard\TestNamingConventionsDepartment.java
D:\dkhaywood\svn\svn.berlios.de\trunk\workspace\de.berlios.rcpviewer.domain\fixture\de\berlios\rcpviewer\progmodel\standard\TestNamingConventionsEmployee.java
D:\dkhaywood\svn\svn.berlios.de\trunk\workspace\de.berlios.rcpviewer.domain\src\de\berlios\rcpviewer\CorePlugin.java
D:\dkhaywood\svn\svn.berlios.de\trunk\workspace\de.berlios.rcpviewer.domain\src\de\berlios\rcpviewer\domain\Constants.java
D:\dkhaywood\svn\svn.berlios.de\trunk\workspace\de.berlios.rcpviewer.domain\src\de\berlios\rcpviewer\domain\Constraint.java
D:\dkhaywood\svn\svn.berlios.de\trunk\workspace\de.berlios.rcpviewer.domain\src\de\berlios\rcpviewer\domain\Domain.java
D:\dkhaywood\svn\svn.berlios.de\trunk\workspace\de.berlios.rcpviewer.domain\src\de\berlios\rcpviewer\domain\DomainClassEvent.java
D:\dkhaywood\svn\svn.berlios.de\trunk\workspace\de.berlios.rcpviewer.domain\src\de\berlios\rcpviewer\domain\DomainEvent.java
D:\dkhaywood\svn\svn.berlios.de\trunk\workspace\de.berlios.rcpviewer.domain\src\de\berlios\rcpviewer\domain\EmfFacade.java
D:\dkhaywood\svn\svn.berlios.de\trunk\workspace\de.berlios.rcpviewer.domain\src\de\berlios\rcpviewer\domain\EmfFacadeAware.java
D:\dkhaywood\svn\svn.berlios.de\trunk\workspace\de.berlios.rcpviewer.domain\src\de\berlios\rcpviewer\domain\I18nData.java
D:\dkhaywood\svn\svn.berlios.de\trunk\workspace\de.berlios.rcpviewer.domain\src\de\berlios\rcpviewer\domain\IAdapterFactory.java
D:\dkhaywood\svn\svn.berlios.de\trunk\workspace\de.berlios.rcpviewer.domain\src\de\berlios\rcpviewer\domain\IDomainAnalyzer.java
D:\dkhaywood\svn\svn.berlios.de\trunk\workspace\de.berlios.rcpviewer.domain\src\de\berlios\rcpviewer\domain\IDomainClass.java
D:\dkhaywood\svn\svn.berlios.de\trunk\workspace\de.berlios.rcpviewer.domain\src\de\berlios\rcpviewer\domain\IDomainListener.java
D:\dkhaywood\svn\svn.berlios.de\trunk\workspace\de.berlios.rcpviewer.domain\src\de\berlios\rcpviewer\domain\II18nData.java
D:\dkhaywood\svn\svn.berlios.de\trunk\workspace\de.berlios.rcpviewer.domain\src\de\berlios\rcpviewer\domain\LinkSemanticsType.java
D:\dkhaywood\svn\svn.berlios.de\trunk\workspace\de.berlios.rcpviewer.domain\src\de\berlios\rcpviewer\domain\MethodNameHelper.java
D:\dkhaywood\svn\svn.berlios.de\trunk\workspace\de.berlios.rcpviewer.domain\src\de\berlios\rcpviewer\domain\OperationKind.java
D:\dkhaywood\svn\svn.berlios.de\trunk\workspace\de.berlios.rcpviewer.domain\src\de\berlios\rcpviewer\domain\package-info.java
D:\dkhaywood\svn\svn.berlios.de\trunk\workspace\de.berlios.rcpviewer.domain\src\de\berlios\rcpviewer\domain\References.java
D:\dkhaywood\svn\svn.berlios.de\trunk\workspace\de.berlios.rcpviewer.domain\src\de\berlios\rcpviewer\persistence\inmemory\InMemoryObjectStore.java
D:\dkhaywood\svn\svn.berlios.de\trunk\workspace\de.berlios.rcpviewer.domain\src\de\berlios\rcpviewer\persistence\inmemory\package-info.java
D:\dkhaywood\svn\svn.berlios.de\trunk\workspace\de.berlios.rcpviewer.domain\src\de\berlios\rcpviewer\persistence\IObjectStore.java
D:\dkhaywood\svn\svn.berlios.de\trunk\workspace\de.berlios.rcpviewer.domain\src\de\berlios\rcpviewer\persistence\IObjectStoreAware.java
D:\dkhaywood\svn\svn.berlios.de\trunk\workspace\de.berlios.rcpviewer.domain\src\de\berlios\rcpviewer\persistence\package-info.java
D:\dkhaywood\svn\svn.berlios.de\trunk\workspace\de.berlios.rcpviewer.domain\src\de\berlios\rcpviewer\progmodel\extended\AttributeComparator.java
D:\dkhaywood\svn\svn.berlios.de\trunk\workspace\de.berlios.rcpviewer.domain\src\de\berlios\rcpviewer\progmodel\extended\AttributeComparatorAdapterFactory.java
D:\dkhaywood\svn\svn.berlios.de\trunk\workspace\de.berlios.rcpviewer.domain\src\de\berlios\rcpviewer\progmodel\extended\Constants.java
D:\dkhaywood\svn\svn.berlios.de\trunk\workspace\de.berlios.rcpviewer.domain\src\de\berlios\rcpviewer\progmodel\extended\ExtendedProgModelExtension.java
D:\dkhaywood\svn\svn.berlios.de\trunk\workspace\de.berlios.rcpviewer.domain\src\de\berlios\rcpviewer\progmodel\extended\OperationComparator.java
D:\dkhaywood\svn\svn.berlios.de\trunk\workspace\de.berlios.rcpviewer.domain\src\de\berlios\rcpviewer\progmodel\extended\package-info.java
D:\dkhaywood\svn\svn.berlios.de\trunk\workspace\de.berlios.rcpviewer.domain\src\de\berlios\rcpviewer\progmodel\extended\PositionedAt.java
D:\dkhaywood\svn\svn.berlios.de\trunk\workspace\de.berlios.rcpviewer.domain\src\de\berlios\rcpviewer\progmodel\package-info.java
D:\dkhaywood\svn\svn.berlios.de\trunk\workspace\de.berlios.rcpviewer.domain\src\de\berlios\rcpviewer\progmodel\ProgrammingModelException.java
D:\dkhaywood\svn\svn.berlios.de\trunk\workspace\de.berlios.rcpviewer.domain\src\de\berlios\rcpviewer\progmodel\rcpviewer\ImageDescriptorAdapterFactory.java
D:\dkhaywood\svn\svn.berlios.de\trunk\workspace\de.berlios.rcpviewer.domain\src\de\berlios\rcpviewer\progmodel\rcpviewer\ImageUrlAt.java
D:\dkhaywood\svn\svn.berlios.de\trunk\workspace\de.berlios.rcpviewer.domain\src\de\berlios\rcpviewer\progmodel\rcpviewer\package-info.java
D:\dkhaywood\svn\svn.berlios.de\trunk\workspace\de.berlios.rcpviewer.domain\src\de\berlios\rcpviewer\progmodel\rcpviewer\RcpViewerExtension.java
D:\dkhaywood\svn\svn.berlios.de\trunk\workspace\de.berlios.rcpviewer.domain\src\de\berlios\rcpviewer\progmodel\standard\Associates.java
D:\dkhaywood\svn\svn.berlios.de\trunk\workspace\de.berlios.rcpviewer.domain\src\de\berlios\rcpviewer\progmodel\standard\Constants.java
D:\dkhaywood\svn\svn.berlios.de\trunk\workspace\de.berlios.rcpviewer.domain\src\de\berlios\rcpviewer\progmodel\standard\Container.java
D:\dkhaywood\svn\svn.berlios.de\trunk\workspace\de.berlios.rcpviewer.domain\src\de\berlios\rcpviewer\progmodel\standard\Derived.java
D:\dkhaywood\svn\svn.berlios.de\trunk\workspace\de.berlios.rcpviewer.domain\src\de\berlios\rcpviewer\progmodel\standard\DescribedAs.java
D:\dkhaywood\svn\svn.berlios.de\trunk\workspace\de.berlios.rcpviewer.domain\src\de\berlios\rcpviewer\progmodel\standard\DomainClass.java
D:\dkhaywood\svn\svn.berlios.de\trunk\workspace\de.berlios.rcpviewer.domain\src\de\berlios\rcpviewer\progmodel\standard\DomainObject.java
D:\dkhaywood\svn\svn.berlios.de\trunk\workspace\de.berlios.rcpviewer.domain\src\de\berlios\rcpviewer\progmodel\standard\EnsureMemberBelongsToDomainClassAspect.aj
D:\dkhaywood\svn\svn.berlios.de\trunk\workspace\de.berlios.rcpviewer.domain\src\de\berlios\rcpviewer\progmodel\standard\EnsureParameterPositionIsInRangeAspect.aj
D:\dkhaywood\svn\svn.berlios.de\trunk\workspace\de.berlios.rcpviewer.domain\src\de\berlios\rcpviewer\progmodel\standard\Immutable.java
D:\dkhaywood\svn\svn.berlios.de\trunk\workspace\de.berlios.rcpviewer.domain\src\de\berlios\rcpviewer\progmodel\standard\impl\DomainMarker.java
D:\dkhaywood\svn\svn.berlios.de\trunk\workspace\de.berlios.rcpviewer.domain\src\de\berlios\rcpviewer\progmodel\standard\impl\package-info.java
D:\dkhaywood\svn\svn.berlios.de\trunk\workspace\de.berlios.rcpviewer.domain\src\de\berlios\rcpviewer\progmodel\standard\impl\ValueMarker.java
D:\dkhaywood\svn\svn.berlios.de\trunk\workspace\de.berlios.rcpviewer.domain\src\de\berlios\rcpviewer\progmodel\standard\InDomain.java
D:\dkhaywood\svn\svn.berlios.de\trunk\workspace\de.berlios.rcpviewer.domain\src\de\berlios\rcpviewer\progmodel\standard\LowerBoundOf.java
D:\dkhaywood\svn\svn.berlios.de\trunk\workspace\de.berlios.rcpviewer.domain\src\de\berlios\rcpviewer\progmodel\standard\Named.java
D:\dkhaywood\svn\svn.berlios.de\trunk\workspace\de.berlios.rcpviewer.domain\src\de\berlios\rcpviewer\progmodel\standard\NamingConventions.java
D:\dkhaywood\svn\svn.berlios.de\trunk\workspace\de.berlios.rcpviewer.domain\src\de\berlios\rcpviewer\progmodel\standard\Ordered.java
D:\dkhaywood\svn\svn.berlios.de\trunk\workspace\de.berlios.rcpviewer.domain\src\de\berlios\rcpviewer\progmodel\standard\package-info.java
D:\dkhaywood\svn\svn.berlios.de\trunk\workspace\de.berlios.rcpviewer.domain\src\de\berlios\rcpviewer\progmodel\standard\Programmatic.java
D:\dkhaywood\svn\svn.berlios.de\trunk\workspace\de.berlios.rcpviewer.domain\src\de\berlios\rcpviewer\progmodel\standard\StandardProgModelExtension.java
D:\dkhaywood\svn\svn.berlios.de\trunk\workspace\de.berlios.rcpviewer.domain\src\de\berlios\rcpviewer\progmodel\standard\Unique.java
D:\dkhaywood\svn\svn.berlios.de\trunk\workspace\de.berlios.rcpviewer.domain\src\de\berlios\rcpviewer\progmodel\standard\UpperBoundOf.java
D:\dkhaywood\svn\svn.berlios.de\trunk\workspace\de.berlios.rcpviewer.domain\src\de\berlios\rcpviewer\progmodel\standard\Value.java
D:\dkhaywood\svn\svn.berlios.de\trunk\workspace\de.berlios.rcpviewer.domain\src\de\berlios\rcpviewer\session\DomainObjectAttributeEvent.java
D:\dkhaywood\svn\svn.berlios.de\trunk\workspace\de.berlios.rcpviewer.domain\src\de\berlios\rcpviewer\session\DomainObjectEvent.java
D:\dkhaywood\svn\svn.berlios.de\trunk\workspace\de.berlios.rcpviewer.domain\src\de\berlios\rcpviewer\session\DomainObjectReferenceEvent.java
D:\dkhaywood\svn\svn.berlios.de\trunk\workspace\de.berlios.rcpviewer.domain\src\de\berlios\rcpviewer\session\IDomainObject.java
D:\dkhaywood\svn\svn.berlios.de\trunk\workspace\de.berlios.rcpviewer.domain\src\de\berlios\rcpviewer\session\IDomainObjectListener.java
D:\dkhaywood\svn\svn.berlios.de\trunk\workspace\de.berlios.rcpviewer.domain\src\de\berlios\rcpviewer\session\ISession.java
D:\dkhaywood\svn\svn.berlios.de\trunk\workspace\de.berlios.rcpviewer.domain\src\de\berlios\rcpviewer\session\ISessionAware.java
D:\dkhaywood\svn\svn.berlios.de\trunk\workspace\de.berlios.rcpviewer.domain\src\de\berlios\rcpviewer\session\ISessionListener.java
D:\dkhaywood\svn\svn.berlios.de\trunk\workspace\de.berlios.rcpviewer.domain\src\de\berlios\rcpviewer\session\IWrapper.java
D:\dkhaywood\svn\svn.berlios.de\trunk\workspace\de.berlios.rcpviewer.domain\src\de\berlios\rcpviewer\session\IWrapperAware.java
D:\dkhaywood\svn\svn.berlios.de\trunk\workspace\de.berlios.rcpviewer.domain\src\de\berlios\rcpviewer\session\local\package-info.java
D:\dkhaywood\svn\svn.berlios.de\trunk\workspace\de.berlios.rcpviewer.domain\src\de\berlios\rcpviewer\session\local\Session.java
D:\dkhaywood\svn\svn.berlios.de\trunk\workspace\de.berlios.rcpviewer.domain\src\de\berlios\rcpviewer\session\package-info.java
D:\dkhaywood\svn\svn.berlios.de\trunk\workspace\de.berlios.rcpviewer.domain\src\de\berlios\rcpviewer\session\SessionEvent.java
D:\dkhaywood\svn\svn.berlios.de\trunk\workspace\de.berlios.rcpviewer.domain\src\de\berlios\rcpviewer\session\SessionObjectEvent.java
D:\dkhaywood\svn\svn.berlios.de\trunk\workspace\de.berlios.rcpviewer.domain\test\de\berlios\rcpviewer\AbstractTestCase.java
D:\dkhaywood\svn\svn.berlios.de\trunk\workspace\de.berlios.rcpviewer.domain\test\de\berlios\rcpviewer\AllTests.java
D:\dkhaywood\svn\svn.berlios.de\trunk\workspace\de.berlios.rcpviewer.domain\test\de\berlios\rcpviewer\domain\AllTests.java
D:\dkhaywood\svn\svn.berlios.de\trunk\workspace\de.berlios.rcpviewer.domain\test\de\berlios\rcpviewer\domain\Department.java
D:\dkhaywood\svn\svn.berlios.de\trunk\workspace\de.berlios.rcpviewer.domain\test\de\berlios\rcpviewer\domain\DepartmentWithoutNoArgConstructor.java
D:\dkhaywood\svn\svn.berlios.de\trunk\workspace\de.berlios.rcpviewer.domain\test\de\berlios\rcpviewer\domain\Employee.java
D:\dkhaywood\svn\svn.berlios.de\trunk\workspace\de.berlios.rcpviewer.domain\test\de\berlios\rcpviewer\domain\TestDomainClass.java
D:\dkhaywood\svn\svn.berlios.de\trunk\workspace\de.berlios.rcpviewer.domain\test\de\berlios\rcpviewer\domain\TestEmfFacade.java
D:\dkhaywood\svn\svn.berlios.de\trunk\workspace\de.berlios.rcpviewer.domain\test\de\berlios\rcpviewer\domain\TestEmfFacadeCustomer.java
D:\dkhaywood\svn\svn.berlios.de\trunk\workspace\de.berlios.rcpviewer.domain\test\de\berlios\rcpviewer\domain\TestEmfFacadeDatePeriod.java
D:\dkhaywood\svn\svn.berlios.de\trunk\workspace\de.berlios.rcpviewer.domain\test\de\berlios\rcpviewer\domain\TestMetaModel.java
D:\dkhaywood\svn\svn.berlios.de\trunk\workspace\de.berlios.rcpviewer.domain\test\de\berlios\rcpviewer\progmodel\extended\AllTests.java
D:\dkhaywood\svn\svn.berlios.de\trunk\workspace\de.berlios.rcpviewer.domain\test\de\berlios\rcpviewer\progmodel\extended\TestPositionedAt.java
D:\dkhaywood\svn\svn.berlios.de\trunk\workspace\de.berlios.rcpviewer.domain\test\de\berlios\rcpviewer\progmodel\rcpviewer\AllTests.java
D:\dkhaywood\svn\svn.berlios.de\trunk\workspace\de.berlios.rcpviewer.domain\test\de\berlios\rcpviewer\progmodel\rcpviewer\TestImageDescriptor.java
D:\dkhaywood\svn\svn.berlios.de\trunk\workspace\de.berlios.rcpviewer.domain\test\de\berlios\rcpviewer\progmodel\standard\AllTests.java
D:\dkhaywood\svn\svn.berlios.de\trunk\workspace\de.berlios.rcpviewer.domain\test\de\berlios\rcpviewer\progmodel\standard\impl\AllTests.java
D:\dkhaywood\svn\svn.berlios.de\trunk\workspace\de.berlios.rcpviewer.domain\test\de\berlios\rcpviewer\progmodel\standard\impl\Department.java
D:\dkhaywood\svn\svn.berlios.de\trunk\workspace\de.berlios.rcpviewer.domain\test\de\berlios\rcpviewer\progmodel\standard\impl\TestDomainAspect.java
D:\dkhaywood\svn\svn.berlios.de\trunk\workspace\de.berlios.rcpviewer.domain\test\de\berlios\rcpviewer\progmodel\standard\impl\TestRegisterDomainClassAspect.java
D:\dkhaywood\svn\svn.berlios.de\trunk\workspace\de.berlios.rcpviewer.domain\test\de\berlios\rcpviewer\progmodel\standard\TestDomainClass.java
D:\dkhaywood\svn\svn.berlios.de\trunk\workspace\de.berlios.rcpviewer.domain\test\de\berlios\rcpviewer\progmodel\standard\TestDomainClassAttributes.java
D:\dkhaywood\svn\svn.berlios.de\trunk\workspace\de.berlios.rcpviewer.domain\test\de\berlios\rcpviewer\progmodel\standard\TestDomainClassAttributesCardinality.java
D:\dkhaywood\svn\svn.berlios.de\trunk\workspace\de.berlios.rcpviewer.domain\test\de\berlios\rcpviewer\progmodel\standard\TestDomainClassAttributesOrdering.java
D:\dkhaywood\svn\svn.berlios.de\trunk\workspace\de.berlios.rcpviewer.domain\test\de\berlios\rcpviewer\progmodel\standard\TestDomainClassAttributesUniqueness.java
D:\dkhaywood\svn\svn.berlios.de\trunk\workspace\de.berlios.rcpviewer.domain\test\de\berlios\rcpviewer\progmodel\standard\TestDomainClassAttributesUnsettability.java
D:\dkhaywood\svn\svn.berlios.de\trunk\workspace\de.berlios.rcpviewer.domain\test\de\berlios\rcpviewer\progmodel\standard\TestDomainClassOperations.java
D:\dkhaywood\svn\svn.berlios.de\trunk\workspace\de.berlios.rcpviewer.domain\test\de\berlios\rcpviewer\progmodel\standard\TestDomainClassReferences.java
D:\dkhaywood\svn\svn.berlios.de\trunk\workspace\de.berlios.rcpviewer.domain\test\de\berlios\rcpviewer\progmodel\standard\TestExplicitNamesAndDescriptions.java
D:\dkhaywood\svn\svn.berlios.de\trunk\workspace\de.berlios.rcpviewer.domain\test\de\berlios\rcpviewer\progmodel\standard\TestInternationalization.java
D:\dkhaywood\svn\svn.berlios.de\trunk\workspace\de.berlios.rcpviewer.domain\test\de\berlios\rcpviewer\progmodel\standard\TestNamingConventions.java
D:\dkhaywood\svn\svn.berlios.de\trunk\workspace\de.berlios.rcpviewer.domain\test\de\berlios\rcpviewer\session\AllTests.java
D:\dkhaywood\svn\svn.berlios.de\trunk\workspace\de.berlios.rcpviewer.domain\test\de\berlios\rcpviewer\session\Department.java
D:\dkhaywood\svn\svn.berlios.de\trunk\workspace\de.berlios.rcpviewer.domain\test\de\berlios\rcpviewer\session\Employee.java
D:\dkhaywood\svn\svn.berlios.de\trunk\workspace\de.berlios.rcpviewer.domain\test\de\berlios\rcpviewer\session\TestDomainObject.java
D:\dkhaywood\svn\svn.berlios.de\trunk\workspace\de.berlios.rcpviewer.domain\test\de\berlios\rcpviewer\session\TestSession.java
